
Discarded input sections

 .text          0x00000000        0x0 start.o
 .data          0x00000000        0x0 start.o
 .bss           0x00000000        0x0 start.o
 .text          0x00000000        0x0 main.o
 .data          0x00000000        0x0 main.o
 .bss           0x00000000        0x0 main.o
 .text          0x00000000        0x0 bpu.o
 .data          0x00000000        0x0 bpu.o
 .bss           0x00000000        0x0 bpu.o
 .text.bpk_write
                0x00000000       0x54 bpu.o
 .text.bpk_read
                0x00000000       0x58 bpu.o
 .text.sensor_diable
                0x00000000       0x84 bpu.o
 .text.sensor_tamper_able
                0x00000000       0x78 bpu.o
 .comment       0x00000000       0x4e bpu.o
 .ARM.attributes
                0x00000000       0x32 bpu.o
 .text          0x00000000        0x0 irqn.o
 .data          0x00000000        0x0 irqn.o
 .bss           0x00000000        0x0 irqn.o
 .text.NMI_Handler
                0x00000000        0xe irqn.o
 .text.HardFault_Handler
                0x00000000        0xe irqn.o
 .text.MemManage_Handler
                0x00000000        0xe irqn.o
 .text.BusFault_Handler
                0x00000000        0xe irqn.o
 .text.UsageFault_Handler
                0x00000000        0xe irqn.o
 .text.SVC_Handler
                0x00000000        0xe irqn.o
 .text.DebugMon_Handler
                0x00000000        0xe irqn.o
 .text.PendSV_Handler
                0x00000000        0xe irqn.o
 .text.init_irqn
                0x00000000       0x48 irqn.o
 .text          0x00000000        0x0 uart.o
 .data          0x00000000        0x0 uart.o
 .bss           0x00000000        0x0 uart.o

Memory Configuration

Name             Origin             Length             Attributes
FLASH            0x01001000         0x00004000         xr
RAM              0x20000000         0x00010000         xrw
*default*        0x00000000         0xffffffff

Linker script and memory map

                0x20010000                _estack = 0x20010000

.text           0x01001000      0x9ee
                0x01001000                . = ALIGN (0x4)
                0x01001000                __text_start__ = .
 *(*.cortex_vectors)
 .data.cortex_vectors
                0x01001000      0x400 start.o
                0x01001000                cortex_vectors
 *(*.Reset_Handler)
 .text.Reset_Handler
                0x01001400       0x84 start.o
                0x01001400                Reset_Handler
 *(.text*)
 .text.main     0x01001484      0x1c8 main.o
                0x01001484                main
 .text.SysTick_Handler
                0x0100164c        0xe irqn.o
                0x0100164c                SysTick_Handler
 .text.DMA_IRQHandler
                0x0100165a        0xe irqn.o
                0x0100165a                DMA_IRQHandler
 .text.USB_IRQHandler
                0x01001668        0xe irqn.o
                0x01001668                USB_IRQHandler
 .text.USBDMA_IRQHandler
                0x01001676        0xe irqn.o
                0x01001676                USBDMA_IRQHandler
 .text.LCD_IRQHandler
                0x01001684        0xe irqn.o
                0x01001684                LCD_IRQHandler
 .text.SCI0_IRQHandler
                0x01001692        0xe irqn.o
                0x01001692                SCI0_IRQHandler
 .text.UART0_IRQHandler
                0x010016a0        0xe irqn.o
                0x010016a0                UART0_IRQHandler
 .text.UART1_IRQHandler
                0x010016ae        0xe irqn.o
                0x010016ae                UART1_IRQHandler
 .text.SPI0_IRQHandler
                0x010016bc        0xe irqn.o
                0x010016bc                SPI0_IRQHandler
 .text.CRYPT0_IRQHandler
                0x010016ca        0xe irqn.o
                0x010016ca                CRYPT0_IRQHandler
 .text.TIM_0_IRQHandler
                0x010016d8        0xe irqn.o
                0x010016d8                TIM_0_IRQHandler
 .text.TIM_1_IRQHandler
                0x010016e6        0xe irqn.o
                0x010016e6                TIM_1_IRQHandler
 .text.TIM_2_IRQHandler
                0x010016f4        0xe irqn.o
                0x010016f4                TIM_2_IRQHandler
 .text.TIM_3_IRQHandler
                0x01001702        0xe irqn.o
                0x01001702                TIM_3_IRQHandler
 .text.EXTI0_IRQHandler
                0x01001710        0xe irqn.o
                0x01001710                EXTI0_IRQHandler
 .text.EXTI1_IRQHandler
                0x0100171e        0xe irqn.o
                0x0100171e                EXTI1_IRQHandler
 .text.EXTI2_IRQHandler
                0x0100172c        0xe irqn.o
                0x0100172c                EXTI2_IRQHandler
 .text.RTC_IRQHandler
                0x0100173a        0xe irqn.o
                0x0100173a                RTC_IRQHandler
 .text.SENSOR_IRQHandler
                0x01001748        0xe irqn.o
                0x01001748                SENSOR_IRQHandler
 .text.TRNG_IRQHandler
                0x01001756        0xe irqn.o
                0x01001756                TRNG_IRQHandler
 .text.ADC0_IRQHandler
                0x01001764        0xe irqn.o
                0x01001764                ADC0_IRQHandler
 .text.SSC_IRQHandler
                0x01001772        0xe irqn.o
                0x01001772                SSC_IRQHandler
 .text.TIM_4_IRQHandler
                0x01001780        0xe irqn.o
                0x01001780                TIM_4_IRQHandler
 .text.TIM_5_IRQHandler
                0x0100178e        0xe irqn.o
                0x0100178e                TIM_5_IRQHandler
 .text.KBD_IRQHandler
                0x0100179c        0xe irqn.o
                0x0100179c                KBD_IRQHandler
 .text.MSR_IRQHandler
                0x010017aa        0xe irqn.o
                0x010017aa                MSR_IRQHandler
 .text.EXTI3_IRQHandler
                0x010017b8        0xe irqn.o
                0x010017b8                EXTI3_IRQHandler
 .text.SPI1_IRQHandler
                0x010017c6        0xe irqn.o
                0x010017c6                SPI1_IRQHandler
 .text.SPI2_IRQHandler
                0x010017d4        0xe irqn.o
                0x010017d4                SPI2_IRQHandler
 .text.SCI2_IRQHandler
                0x010017e2        0xe irqn.o
                0x010017e2                SCI2_IRQHandler
 .text.UART2_IRQHandler
                0x010017f0        0xe irqn.o
                0x010017f0                UART2_IRQHandler
 .text.UART3_IRQHandler
                0x010017fe        0xe irqn.o
                0x010017fe                UART3_IRQHandler
 .text.QSPI_IRQHandler
                0x0100180c        0xe irqn.o
                0x0100180c                QSPI_IRQHandler
 .text.I2C0_IRQHandler
                0x0100181a        0xe irqn.o
                0x0100181a                I2C0_IRQHandler
 .text.EXTI4_IRQHandler
                0x01001828        0xe irqn.o
                0x01001828                EXTI4_IRQHandler
 .text.EXTI5_IRQHandler
                0x01001836        0xe irqn.o
                0x01001836                EXTI5_IRQHandler
 .text.TIM_6_IRQHandler
                0x01001844        0xe irqn.o
                0x01001844                TIM_6_IRQHandler
 .text.TIM_7_IRQHandler
                0x01001852        0xe irqn.o
                0x01001852                TIM_7_IRQHandler
 .text.DCMI_IRQHandler
                0x01001860        0xe irqn.o
                0x01001860                DCMI_IRQHandler
 .text.QR_IRQHandler
                0x0100186e        0xe irqn.o
                0x0100186e                QR_IRQHandler
 .text.GPU_IRQHandler
                0x0100187c        0xe irqn.o
                0x0100187c                GPU_IRQHandler
 .text.AWD_IRQHandler
                0x0100188a        0xe irqn.o
                0x0100188a                AWD_IRQHandler
 .text.DAC_IRQHandler
                0x01001898        0xe irqn.o
                0x01001898                DAC_IRQHandler
 .text.SPI5_IRQHandler
                0x010018a6        0xe irqn.o
                0x010018a6                SPI5_IRQHandler
 .text.UART_Init
                0x010018b4      0x100 uart.o
                0x010018b4                UART_Init
 .text.uart_dma_fifo
                0x010019b4       0x3a uart.o
                0x010019b4                uart_dma_fifo
 *(.init)
 *(.fini)
 *(.rodata*)
                0x010019ee                __text_end__ = .

.glue_7         0x010019f0        0x0
 .glue_7        0x010019f0        0x0 linker stubs

.glue_7t        0x010019f0        0x0
 .glue_7t       0x010019f0        0x0 linker stubs

.vfp11_veneer   0x010019f0        0x0
 .vfp11_veneer  0x010019f0        0x0 linker stubs

.v4_bx          0x010019f0        0x0
 .v4_bx         0x010019f0        0x0 linker stubs

.iplt           0x010019f0        0x0
 .iplt          0x010019f0        0x0 start.o

.rel.dyn        0x010019f0        0x0
 .rel.iplt      0x010019f0        0x0 start.o

.data           0x20000000        0x0 load address 0x010019ee
                0x20000000                . = ALIGN (0x4)
                0x20000000                __data_start__ = .
 *(.data*)
                0x20000000                . = ALIGN (0x4)
                0x20000000                __data_end__ = .

.igot.plt       0x20000000        0x0
 .igot.plt      0x20000000        0x0 start.o

.bss            0x20000000        0x0
                0x20000000                __bss_start__ = .
 *(.bss*)
                0x20000000                __bss_end__ = .
LOAD start.o
LOAD main.o
LOAD bpu.o
LOAD irqn.o
LOAD uart.o
OUTPUT(main.exe elf32-littlearm)
LOAD linker stubs

.comment        0x00000000       0x4d
 .comment       0x00000000       0x4d start.o
                                 0x4e (size before relaxing)
 .comment       0x0000004d       0x4e main.o
 .comment       0x0000004d       0x4e irqn.o
 .comment       0x0000004d       0x4e uart.o

.ARM.attributes
                0x00000000       0x32
 .ARM.attributes
                0x00000000       0x32 start.o
 .ARM.attributes
                0x00000032       0x32 main.o
 .ARM.attributes
                0x00000064       0x32 irqn.o
 .ARM.attributes
                0x00000096       0x32 uart.o
